---
source: crates/bevy_basisu_loader_sys/src/lib.rs
expression: results
---
[
    (
        "alpha0_etc1s_mips.basisu.ktx2",
        TranscodeInfo {
            width: 256,
            height: 256,
            levels: 9,
            layers: 0,
            faces: 1,
            is_srgb: true,
            basis_format: cETC1S,
            preferred_target: cTFRGBA32,
        },
    ),
    (
        "desk_uastc_hdr_4x4.basisu.ktx2",
        TranscodeInfo {
            width: 648,
            height: 876,
            levels: 1,
            layers: 0,
            faces: 1,
            is_srgb: false,
            basis_format: cUASTC_HDR_4x4,
            preferred_target: cTFASTC_HDR_4x4_RGBA,
        },
    ),
    (
        "desk_uastc_hdr_6x6_mips.basisu.ktx2",
        TranscodeInfo {
            width: 648,
            height: 876,
            levels: 10,
            layers: 0,
            faces: 1,
            is_srgb: false,
            basis_format: cUASTC_HDR_6x6_INTERMEDIATE,
            preferred_target: cTFASTC_HDR_6x6_RGBA,
        },
    ),
    (
        "kodim20_astc_ldr_8x8_mips.basisu.ktx2",
        TranscodeInfo {
            width: 768,
            height: 512,
            levels: 10,
            layers: 0,
            faces: 1,
            is_srgb: true,
            basis_format: cASTC_LDR_8x8,
            preferred_target: cTFASTC_LDR_8x8_RGBA,
        },
    ),
    (
        "skybox_xuastc_ldr_8x8_cubemap_mips.basisu.ktx2",
        TranscodeInfo {
            width: 2048,
            height: 2048,
            levels: 12,
            layers: 0,
            faces: 6,
            is_srgb: true,
            basis_format: cXUASTC_LDR_8x8,
            preferred_target: cTFASTC_LDR_8x8_RGBA,
        },
    ),
    (
        "tough_uastc_ldr_4x4.basisu.ktx2",
        TranscodeInfo {
            width: 1120,
            height: 1104,
            levels: 1,
            layers: 0,
            faces: 1,
            is_srgb: true,
            basis_format: cUASTC_LDR_4x4,
            preferred_target: cTFASTC_LDR_4x4_RGBA,
        },
    ),
    (
        "wikipedia_xuastc_ldr_8x8_mips.basisu.ktx2",
        TranscodeInfo {
            width: 1848,
            height: 888,
            levels: 11,
            layers: 0,
            faces: 1,
            is_srgb: true,
            basis_format: cXUASTC_LDR_8x8,
            preferred_target: cTFASTC_LDR_8x8_RGBA,
        },
    ),
]
